> Task :app:preBuild UP-TO-DATE
> Task :app:preDebugBuild UP-TO-DATE
> Task :app:mergeDebugNativeDebugMetadata NO-SOURCE
> Task :app:checkKotlinGradlePluginConfigurationErrors SKIPPED
> Task :app:dataBindingMergeDependencyArtifactsDebug UP-TO-DATE
> Task :app:generateDebugResources UP-TO-DATE
> Task :app:mergeDebugResources UP-TO-DATE
> Task :app:packageDebugResources UP-TO-DATE
> Task :app:processDebugNavigationResources UP-TO-DATE
> Task :app:parseDebugLocalResources UP-TO-DATE
> Task :app:dataBindingGenBaseClassesDebug UP-TO-DATE
> Task :app:checkDebugAarMetadata UP-TO-DATE
> Task :app:compileDebugNavigationResources UP-TO-DATE
> Task :app:mapDebugSourceSetPaths UP-TO-DATE
> Task :app:createDebugCompatibleScreenManifests UP-TO-DATE
> Task :app:extractDeepLinksDebug UP-TO-DATE
> Task :app:processDebugMainManifest UP-TO-DATE
> Task :app:processDebugManifest UP-TO-DATE
> Task :app:processDebugManifestForPackage UP-TO-DATE
> Task :app:javaPreCompileDebug UP-TO-DATE
> Task :app:generateDebugAssets UP-TO-DATE
> Task :app:mergeDebugAssets UP-TO-DATE
> Task :app:compressDebugAssets UP-TO-DATE
> Task :app:checkDebugDuplicateClasses UP-TO-DATE
> Task :app:desugarDebugFileDependencies UP-TO-DATE
> Task :app:mergeExtDexDebug UP-TO-DATE
> Task :app:mergeLibDexDebug UP-TO-DATE
> Task :app:configureCMakeDebug[arm64-v8a]
> Task :app:buildCMakeDebug[arm64-v8a]
> Task :app:configureCMakeDebug[armeabi-v7a]
> Task :app:buildCMakeDebug[armeabi-v7a]
> Task :app:configureCMakeDebug[x86]
> Task :app:processDebugResources FAILED

> Task :app:buildCMakeDebug[x86]
C/C++: ninja: Entering directory `D:\Github\Android\ClipForge2\app\.cxx\Debug\1x5b5332\x86'
C/C++: D:/Github/Android/ClipForge2/app/src/main/cpp/jni_bridge/jni_bridge.cpp:73:51: warning: implicit conversion changes signedness: 'size_type' (aka 'unsigned int') to 'jsize' (aka 'int') [-Wsign-conversion]
C/C++:    73 |     jobjectArray result = env->NewObjectArray(vec.size(), stringClass, nullptr);
C/C++:       |                                ~~~~~~~~~~~~~~ ~~~~^~~~~~
C/C++: D:/Github/Android/ClipForge2/app/src/main/cpp/jni_bridge/jni_bridge.cpp:81:44: warning: implicit conversion changes signedness: 'size_t' (aka 'unsigned int') to 'jsize' (aka 'int') [-Wsign-conversion]
C/C++:    81 |         env->SetObjectArrayElement(result, i, jStr);
C/C++:       |              ~~~~~~~~~~~~~~~~~~~~~         ^
C/C++: D:/Github/Android/ClipForge2/app/src/main/cpp/jni_bridge/jni_bridge.cpp:114:45: warning: implicit conversion changes signedness: 'size_type' (aka 'unsigned int') to 'jsize' (aka 'int') [-Wsign-conversion]
C/C++:   114 |     jintArray result = env->NewIntArray(vec.size());
C/C++:       |                             ~~~~~~~~~~~ ~~~~^~~~~~
C/C++: D:/Github/Android/ClipForge2/app/src/main/cpp/jni_bridge/jni_bridge.cpp:119:43: warning: implicit conversion changes signedness: 'size_type' (aka 'unsigned int') to 'jsize' (aka 'int') [-Wsign-conversion]
C/C++:   119 |     env->SetIntArrayRegion(result, 0, vec.size(), (const jint*)vec.data());
C/C++:       |          ~~~~~~~~~~~~~~~~~            ~~~~^~~~~~
C/C++: D:/Github/Android/ClipForge2/app/src/main/cpp/jni_bridge/jni_bridge.cpp:144:47: warning: implicit conversion changes signedness: 'size_type' (aka 'unsigned int') to 'jsize' (aka 'int') [-Wsign-conversion]
C/C++:   144 |     jlongArray result = env->NewLongArray(vec.size());
C/C++:       |                              ~~~~~~~~~~~~ ~~~~^~~~~~
C/C++: D:/Github/Android/ClipForge2/app/src/main/cpp/jni_bridge/jni_bridge.cpp:149:44: warning: implicit conversion changes signedness: 'size_type' (aka 'unsigned int') to 'jsize' (aka 'int') [-Wsign-conversion]
C/C++:   149 |     env->SetLongArrayRegion(result, 0, vec.size(), (const jlong*)vec.data());
C/C++:       |          ~~~~~~~~~~~~~~~~~~            ~~~~^~~~~~
C/C++: D:/Github/Android/ClipForge2/app/src/main/cpp/jni_bridge/jni_bridge.cpp:174:49: warning: implicit conversion changes signedness: 'size_type' (aka 'unsigned int') to 'jsize' (aka 'int') [-Wsign-conversion]
C/C++:   174 |     jfloatArray result = env->NewFloatArray(vec.size());
C/C++:       |                               ~~~~~~~~~~~~~ ~~~~^~~~~~
C/C++: D:/Github/Android/ClipForge2/app/src/main/cpp/jni_bridge/jni_bridge.cpp:179:45: warning: implicit conversion changes signedness: 'size_type' (aka 'unsigned int') to 'jsize' (aka 'int') [-Wsign-conversion]
C/C++:   179 |     env->SetFloatArrayRegion(result, 0, vec.size(), (const jfloat*)vec.data());
C/C++:       |          ~~~~~~~~~~~~~~~~~~~            ~~~~^~~~~~
C/C++: D:/Github/Android/ClipForge2/app/src/main/cpp/jni_bridge/jni_bridge.cpp:344:55: warning: unused parameter 'className' [-Wunused-parameter]
C/C++:   344 |                                    const std::string& className,
C/C++:       |                                                       ^
C/C++: D:/Github/Android/ClipForge2/app/src/main/cpp/jni_bridge/jni_bridge.cpp:367:52: warning: unused parameter 'className' [-Wunused-parameter]
C/C++:   367 |                                 const std::string& className,
C/C++:       |                                                    ^
C/C++: D:/Github/Android/ClipForge2/app/src/main/cpp/jni_bridge/jni_bridge.cpp:387:57: warning: unused parameter 'className' [-Wunused-parameter]
C/C++:   387 |                                      const std::string& className,
C/C++:       |                                                         ^
C/C++: 11 warnings generated.
C/C++: D:/Github/Android/ClipForge2/app/src/main/cpp/jni_bridge/native-lib.cpp:62:43: warning: unused parameter 'vm' [-Wunused-parameter]
C/C++:    62 | JNIEXPORT jint JNICALL JNI_OnLoad(JavaVM* vm, void* reserved) {
C/C++:       |                                           ^
C/C++: D:/Github/Android/ClipForge2/app/src/main/cpp/jni_bridge/native-lib.cpp:62:53: warning: unused parameter 'reserved' [-Wunused-parameter]
C/C++:    62 | JNIEXPORT jint JNICALL JNI_OnLoad(JavaVM* vm, void* reserved) {
C/C++:       |                                                     ^
C/C++: D:/Github/Android/ClipForge2/app/src/main/cpp/jni_bridge/native-lib.cpp:74:45: warning: unused parameter 'vm' [-Wunused-parameter]
C/C++:    74 | JNIEXPORT void JNICALL JNI_OnUnload(JavaVM* vm, void* reserved) {
C/C++:       |                                             ^
C/C++: D:/Github/Android/ClipForge2/app/src/main/cpp/jni_bridge/native-lib.cpp:74:55: warning: unused parameter 'reserved' [-Wunused-parameter]
C/C++:    74 | JNIEXPORT void JNICALL JNI_OnUnload(JavaVM* vm, void* reserved) {
C/C++:       |                                                       ^
C/C++: D:/Github/Android/ClipForge2/app/src/main/cpp/jni_bridge/native-lib.cpp:99:72: warning: unused parameter 'thiz' [-Wunused-parameter]
C/C++:    99 | Java_com_ucworks_clipforge_NativeLib_createEngine(JNIEnv* env, jobject thiz) {
C/C++:       |                                                                        ^
C/C++: D:/Github/Android/ClipForge2/app/src/main/cpp/jni_bridge/native-lib.cpp:118:70: warning: unused parameter 'thiz' [-Wunused-parameter]
C/C++:   118 | Java_com_ucworks_clipforge_NativeLib_initEngine(JNIEnv* env, jobject thiz, jlong enginePtr) {
C/C++:       |                                                                      ^
C/C++: D:/Github/Android/ClipForge2/app/src/main/cpp/jni_bridge/native-lib.cpp:151:60: warning: unused parameter 'env' [-Wunused-parameter]
C/C++:   151 | Java_com_ucworks_clipforge_NativeLib_destroyEngine(JNIEnv* env, jobject thiz, jlong enginePtr) {
C/C++:       |                                                            ^
C/C++: D:/Github/Android/ClipForge2/app/src/main/cpp/jni_bridge/native-lib.cpp:151:73: warning: unused parameter 'thiz' [-Wunused-parameter]
C/C++:   151 | Java_com_ucworks_clipforge_NativeLib_destroyEngine(JNIEnv* env, jobject thiz, jlong enginePtr) {
C/C++:       |                                                                         ^
C/C++: D:/Github/Android/ClipForge2/app/src/main/cpp/jni_bridge/native-lib.cpp:170:76: warning: unused parameter 'thiz' [-Wunused-parameter]
C/C++:   170 | Java_com_ucworks_clipforge_NativeLib_getEngineVersion(JNIEnv* env, jobject thiz, jlong enginePtr) {
C/C++:       |                                                                            ^
C/C++: D:/Github/Android/ClipForge2/app/src/main/cpp/jni_bridge/native-lib.cpp:170:88: warning: unused parameter 'enginePtr' [-Wunused-parameter]
C/C++:   170 | Java_com_ucworks_clipforge_NativeLib_getEngineVersion(JNIEnv* env, jobject thiz, jlong enginePtr) {
C/C++:       |                                                                                        ^
C/C++: D:/Github/Android/ClipForge2/app/src/main/cpp/jni_bridge/native-lib.cpp:191:67: warning: unused parameter 'thiz' [-Wunused-parameter]
C/C++:   191 | Java_com_ucworks_clipforge_NativeLib_addClip(JNIEnv* env, jobject thiz, jlong enginePtr,
C/C++:       |                                                                   ^
C/C++: D:/Github/Android/ClipForge2/app/src/main/cpp/jni_bridge/native-lib.cpp:225:70: warning: unused parameter 'thiz' [-Wunused-parameter]
C/C++:   225 | Java_com_ucworks_clipforge_NativeLib_removeClip(JNIEnv* env, jobject thiz, jlong enginePtr,
C/C++:       |                                                                      ^
C/C++: D:/Github/Android/ClipForge2/app/src/main/cpp/jni_bridge/native-lib.cpp:257:66: warning: unused parameter 'env' [-Wunused-parameter]
C/C++:   257 | Java_com_ucworks_clipforge_NativeLib_getTimelineDuration(JNIEnv* env, jobject thiz, jlong enginePtr) {
C/C++:       |                                                                  ^
C/C++: D:/Github/Android/ClipForge2/app/src/main/cpp/jni_bridge/native-lib.cpp:257:79: warning: unused parameter 'thiz' [-Wunused-parameter]
C/C++:   257 | Java_com_ucworks_clipforge_NativeLib_getTimelineDuration(JNIEnv* env, jobject thiz, jlong enginePtr) {
C/C++:       |                                                                               ^
C/C++: D:/Github/Android/ClipForge2/app/src/main/cpp/jni_bridge/native-lib.cpp:282:24: warning: implicit conversion changes signedness: 'size_t' (aka 'unsigned int') to 'jint' (aka 'int') [-Wsign-conversion]
C/C++:   282 |         return engine->getClipCount();
C/C++:       |         ~~~~~~ ~~~~~~~~^~~~~~~~~~~~~~
C/C++: D:/Github/Android/ClipForge2/app/src/main/cpp/jni_bridge/native-lib.cpp:276:59: warning: unused parameter 'env' [-Wunused-parameter]
C/C++:   276 | Java_com_ucworks_clipforge_NativeLib_getClipCount(JNIEnv* env, jobject thiz, jlong enginePtr) {
C/C++:       |                                                           ^
C/C++: D:/Github/Android/ClipForge2/app/src/main/cpp/jni_bridge/native-lib.cpp:276:72: warning: unused parameter 'thiz' [-Wunused-parameter]
C/C++:   276 | Java_com_ucworks_clipforge_NativeLib_getClipCount(JNIEnv* env, jobject thiz, jlong enginePtr) {
C/C++:       |                                                                        ^
C/C++: D:/Github/Android/ClipForge2/app/src/main/cpp/jni_bridge/native-lib.cpp:301:24: warning: implicit conversion changes signedness: 'size_t' (aka 'unsigned int') to 'jint' (aka 'int') [-Wsign-conversion]
C/C++:   301 |         return engine->getEffectCount();
C/C++:       |         ~~~~~~ ~~~~~~~~^~~~~~~~~~~~~~~~
C/C++: D:/Github/Android/ClipForge2/app/src/main/cpp/jni_bridge/native-lib.cpp:295:61: warning: unused parameter 'env' [-Wunused-parameter]
C/C++:   295 | Java_com_ucworks_clipforge_NativeLib_getEffectCount(JNIEnv* env, jobject thiz, jlong enginePtr) {
C/C++:       |                                                             ^
C/C++: D:/Github/Android/ClipForge2/app/src/main/cpp/jni_bridge/native-lib.cpp:295:74: warning: unused parameter 'thiz' [-Wunused-parameter]
C/C++:   295 | Java_com_ucworks_clipforge_NativeLib_getEffectCount(JNIEnv* env, jobject thiz, jlong enginePtr) {
C/C++:       |                                                                          ^
C/C++: D:/Github/Android/ClipForge2/app/src/main/cpp/jni_bridge/native-lib.cpp:318:59: warning: unused parameter 'env' [-Wunused-parameter]
C/C++:   318 | Java_com_ucworks_clipforge_NativeLib_startPreview(JNIEnv* env, jobject thiz, jlong enginePtr) {
C/C++:       |                                                           ^
C/C++: D:/Github/Android/ClipForge2/app/src/main/cpp/jni_bridge/native-lib.cpp:318:72: warning: unused parameter 'thiz' [-Wunused-parameter]
C/C++:   318 | Java_com_ucworks_clipforge_NativeLib_startPreview(JNIEnv* env, jobject thiz, jlong enginePtr) {
C/C++:       |                                                                        ^
C/C++: D:/Github/Android/ClipForge2/app/src/main/cpp/jni_bridge/native-lib.cpp:337:58: warning: unused parameter 'env' [-Wunused-parameter]
C/C++:   337 | Java_com_ucworks_clipforge_NativeLib_stopPreview(JNIEnv* env, jobject thiz, jlong enginePtr) {
C/C++:       |                                                          ^
C/C++: D:/Github/Android/ClipForge2/app/src/main/cpp/jni_bridge/native-lib.cpp:337:71: warning: unused parameter 'thiz' [-Wunused-parameter]
C/C++:   337 | Java_com_ucworks_clipforge_NativeLib_stopPreview(JNIEnv* env, jobject thiz, jlong enginePtr) {
C/C++:       |                                                                       ^
C/C++: D:/Github/Android/ClipForge2/app/src/main/cpp/jni_bridge/native-lib.cpp:356:65: warning: unused parameter 'env' [-Wunused-parameter]
C/C++:   356 | Java_com_ucworks_clipforge_NativeLib_getPreviewPosition(JNIEnv* env, jobject thiz, jlong enginePtr) {
C/C++:       |                                                                 ^
C/C++: D:/Github/Android/ClipForge2/app/src/main/cpp/jni_bridge/native-lib.cpp:356:78: warning: unused parameter 'thiz' [-Wunused-parameter]
C/C++:   356 | Java_com_ucworks_clipforge_NativeLib_getPreviewPosition(JNIEnv* env, jobject thiz, jlong enginePtr) {
C/C++:       |                                                                              ^
C/C++: D:/Github/Android/ClipForge2/app/src/main/cpp/jni_bridge/native-lib.cpp:380:71: warning: unused parameter 'thiz' [-Wunused-parameter]
C/C++:   380 | Java_com_ucworks_clipforge_NativeLib_startExport(JNIEnv* env, jobject thiz, jlong enginePtr,
C/C++:       |                                                                       ^
C/C++: D:/Github/Android/ClipForge2/app/src/main/cpp/jni_bridge/native-lib.cpp:407:58: warning: unused parameter 'env' [-Wunused-parameter]
C/C++:   407 | Java_com_ucworks_clipforge_NativeLib_isExporting(JNIEnv* env, jobject thiz, jlong enginePtr) {
C/C++:       |                                                          ^
C/C++: D:/Github/Android/ClipForge2/app/src/main/cpp/jni_bridge/native-lib.cpp:407:71: warning: unused parameter 'thiz' [-Wunused-parameter]
C/C++:   407 | Java_com_ucworks_clipforge_NativeLib_isExporting(JNIEnv* env, jobject thiz, jlong enginePtr) {
C/C++:       |                                                                       ^
C/C++: D:/Github/Android/ClipForge2/app/src/main/cpp/jni_bridge/native-lib.cpp:426:64: warning: unused parameter 'env' [-Wunused-parameter]
C/C++:   426 | Java_com_ucworks_clipforge_NativeLib_getExportProgress(JNIEnv* env, jobject thiz, jlong enginePtr) {
C/C++:       |                                                                ^
C/C++: D:/Github/Android/ClipForge2/app/src/main/cpp/jni_bridge/native-lib.cpp:426:77: warning: unused parameter 'thiz' [-Wunused-parameter]
C/C++:   426 | Java_com_ucworks_clipforge_NativeLib_getExportProgress(JNIEnv* env, jobject thiz, jlong enginePtr) {
C/C++:       |                                                                             ^
C/C++: 31 warnings generated.
C/C++: D:/Github/Android/ClipForge2/app/src/main/cpp/jni_bridge/export_native_lib.cpp:194:13: warning: unused parameter 'env' [-Wunused-parameter]
C/C++:   194 |     JNIEnv* env, jobject /* this */, jlong managerPtr) {
C/C++:       |             ^
C/C++: D:/Github/Android/ClipForge2/app/src/main/cpp/jni_bridge/export_native_lib.cpp:210:13: warning: unused parameter 'env' [-Wunused-parameter]
C/C++:   210 |     JNIEnv* env, jobject /* this */, jlong managerPtr) {
C/C++:       |             ^
C/C++: D:/Github/Android/ClipForge2/app/src/main/cpp/jni_bridge/export_native_lib.cpp:224:13: warning: unused parameter 'env' [-Wunused-parameter]
C/C++:   224 |     JNIEnv* env, jobject /* this */, jlong managerPtr) {
C/C++:       |             ^
C/C++: D:/Github/Android/ClipForge2/app/src/main/cpp/jni_bridge/export_native_lib.cpp:238:13: warning: unused parameter 'env' [-Wunused-parameter]
C/C++:   238 |     JNIEnv* env, jobject /* this */, jlong managerPtr) {
C/C++:       |             ^
C/C++: D:/Github/Android/ClipForge2/app/src/main/cpp/jni_bridge/export_native_lib.cpp:335:13: warning: unused parameter 'env' [-Wunused-parameter]
C/C++:   335 |     JNIEnv* env, jobject /* this */, jlong managerPtr) {
C/C++:       |             ^
C/C++: D:/Github/Android/ClipForge2/app/src/main/cpp/jni_bridge/export_native_lib.cpp:363:13: warning: unused parameter 'env' [-Wunused-parameter]
C/C++:   363 |     JNIEnv* env, jobject /* this */, jlong managerPtr) {
C/C++:       |             ^
C/C++: D:/Github/Android/ClipForge2/app/src/main/cpp/jni_bridge/export_native_lib.cpp:379:13: warning: unused parameter 'env' [-Wunused-parameter]
C/C++:   379 |     JNIEnv* env, jobject /* this */, jint width, jint height, jint frameRate, jint quality) {
C/C++:       |             ^
C/C++: 7 warnings generated.
C/C++: D:/Github/Android/ClipForge2/app/src/main/cpp/encoding/export_manager.cpp:70:43: warning: implicit conversion from 'int64_t' (aka 'long long') to 'double' may lose precision [-Wimplicit-int-float-conversion]
C/C++:    70 |     estimatedBytes = static_cast<int64_t>(estimatedBytes * 1.05);
C/C++:       |                                           ^~~~~~~~~~~~~~ ~
C/C++: D:/Github/Android/ClipForge2/app/src/main/cpp/encoding/export_manager.cpp:311:71: warning: implicit conversion from 'int64_t' (aka 'long long') to 'float' may lose precision [-Wimplicit-int-float-conversion]
C/C++:   311 |             m_progress.videoProgress = static_cast<float>(frameNum) / totalFrames;
C/C++:       |                                                                     ~ ^~~~~~~~~~~
C/C++: D:/Github/Android/ClipForge2/app/src/main/cpp/encoding/export_manager.cpp:317:52: warning: implicit conversion from 'long long' to 'float' may lose precision [-Wimplicit-int-float-conversion]
C/C++:   317 |                 float fps = (frameNum * 1000.0f) / elapsedMs;
C/C++:       |                                                  ~ ^~~~~~~~~
C/C++: D:/Github/Android/ClipForge2/app/src/main/cpp/encoding/export_manager.cpp:317:30: warning: implicit conversion from 'int64_t' (aka 'long long') to 'float' may lose precision [-Wimplicit-int-float-conversion]
C/C++:   317 |                 float fps = (frameNum * 1000.0f) / elapsedMs;
C/C++:       |                              ^~~~~~~~ ~
C/C++: D:/Github/Android/ClipForge2/app/src/main/cpp/encoding/export_manager.cpp:318:69: warning: implicit conversion from 'int64_t' (aka 'long long') to 'float' may lose precision [-Wimplicit-int-float-conversion]
C/C++:   318 |                 m_progress.estimatedRemainingSeconds = (totalFrames - frameNum) / std::max(1.0f, fps);
C/C++:       |                                                         ~~~~~~~~~~~~^~~~~~~~~~  ~
C/C++: D:/Github/Android/ClipForge2/app/src/main/cpp/encoding/export_manager.cpp:342:76: warning: implicit conversion from 'int64_t' (aka 'long long') to 'float' may lose precision [-Wimplicit-int-float-conversion]
C/C++:   342 |         m_progress.audioProgress = static_cast<float>(sample) / m_progress.totalAudioSamples;
C/C++:       |                                                               ~ ~~~~~~~~~~~^~~~~~~~~~~~~~~~~
C/C++: D:/Github/Android/ClipForge2/app/src/main/cpp/encoding/export_manager.cpp:359:64: warning: implicit conversion from 'int' to 'float' may lose precision [-Wimplicit-int-float-conversion]
C/C++:   359 |         m_progress.muxingProgress = static_cast<float>(step) / steps;
C/C++:       |                                                              ~ ^~~~~
C/C++: 7 warnings generated.
C/C++: In file included from D:/Github/Android/ClipForge2/app/src/main/cpp/audio/audio_analyzer.cpp:1:
C/C++: D:/Github/Android/ClipForge2/app/src/main/cpp/audio/audio_analyzer.h:121:62: warning: implicit conversion from 'const int' to 'float' may lose precision [-Wimplicit-int-float-conversion]
C/C++:   121 |         return (static_cast<float>(binIndex) * sampleRate) / fftSize;
C/C++:       |                                                            ~ ^~~~~~~
C/C++: D:/Github/Android/ClipForge2/app/src/main/cpp/audio/audio_analyzer.h:121:48: warning: implicit conversion from 'const int' to 'float' may lose precision [-Wimplicit-int-float-conversion]
C/C++:   121 |         return (static_cast<float>(binIndex) * sampleRate) / fftSize;
C/C++:       |                                              ~ ^~~~~~~~~~
C/C++: D:/Github/Android/ClipForge2/app/src/main/cpp/audio/audio_analyzer.h:130:57: warning: implicit conversion from 'const int' to 'float' may lose precision [-Wimplicit-int-float-conversion]
C/C++:   130 |         return static_cast<int>((frequency * fftSize) / sampleRate);
C/C++:       |                                                       ~ ^~~~~~~~~~
C/C++: D:/Github/Android/ClipForge2/app/src/main/cpp/audio/audio_analyzer.h:130:46: warning: implicit conversion from 'const int' to 'float' may lose precision [-Wimplicit-int-float-conversion]
C/C++:   130 |         return static_cast<int>((frequency * fftSize) / sampleRate);
C/C++:       |                                            ~ ^~~~~~~
C/C++: D:/Github/Android/ClipForge2/app/src/main/cpp/audio/audio_analyzer.h:166:49: warning: implicit conversion from 'const int' to 'float' may lose precision [-Wimplicit-int-float-conversion]
C/C++:   166 |         return static_cast<float>(sampleRate) / fftSize;
C/C++:       |                                               ~ ^~~~~~~
C/C++: D:/Github/Android/ClipForge2/app/src/main/cpp/audio/audio_analyzer.h:174:16: warning: implicit conversion from 'const int' to 'float' may lose precision [-Wimplicit-int-float-conversion]
C/C++:   174 |         return sampleRate / 2.0f;
C/C++:       |                ^~~~~~~~~~ ~
C/C++: D:/Github/Android/ClipForge2/app/src/main/cpp/audio/audio_analyzer.cpp:37:44: warning: implicit conversion changes signedness: 'int' to 'size_type' (aka 'unsigned int') [-Wsign-conversion]
C/C++:    37 |     std::vector<std::complex<float>> input(fftSize);
C/C++:       |                                      ~~~~~ ^~~~~~~
C/C++: D:/Github/Android/ClipForge2/app/src/main/cpp/audio/audio_analyzer.cpp:39:57: warning: implicit conversion changes signedness: 'int' to 'size_type' (aka 'unsigned int') [-Wsign-conversion]
C/C++:    39 |         input[i] = std::complex<float>(processedSamples[i], 0.0f);
C/C++:       |                                        ~~~~~~~~~~~~~~~~ ^
C/C++: D:/Github/Android/ClipForge2/app/src/main/cpp/audio/audio_analyzer.cpp:39:15: warning: implicit conversion changes signedness: 'int' to 'size_type' (aka 'unsigned int') [-Wsign-conversion]
C/C++:    39 |         input[i] = std::complex<float>(processedSamples[i], 0.0f);
C/C++:       |         ~~~~~ ^
C/C++: D:/Github/Android/ClipForge2/app/src/main/cpp/audio/audio_analyzer.cpp:53:24: warning: implicit conversion changes signedness: 'int' to 'size_type' (aka 'unsigned int') [-Wsign-conversion]
C/C++:    53 |         if (magnitudes[i] > peakMagnitude) {
C/C++:       |             ~~~~~~~~~~ ^
C/C++: D:/Github/Android/ClipForge2/app/src/main/cpp/audio/audio_analyzer.cpp:54:40: warning: implicit conversion changes signedness: 'int' to 'size_type' (aka 'unsigned int') [-Wsign-conversion]
C/C++:    54 |             peakMagnitude = magnitudes[i];
C/C++:       |                             ~~~~~~~~~~ ^
C/C++: D:/Github/Android/ClipForge2/app/src/main/cpp/audio/audio_analyzer.cpp:29:24: warning: comparison of integers of different signs: 'size_type' (aka 'unsigned int') and 'int' [-Wsign-compare]
C/C++:    29 |     if (samples.size() != fftSize) {
C/C++:       |         ~~~~~~~~~~~~~~ ^  ~~~~~~~
C/C++: D:/Github/Android/ClipForge2/app/src/main/cpp/audio/audio_analyzer.cpp:77:29: warning: implicit conversion changes signedness: 'int' to 'size_type' (aka 'unsigned int') [-Wsign-conversion]
C/C++:    77 |     std::vector<float> left(fftSize);
C/C++:       |                        ~~~~ ^~~~~~~
C/C++: D:/Github/Android/ClipForge2/app/src/main/cpp/audio/audio_analyzer.cpp:78:30: warning: implicit conversion changes signedness: 'int' to 'size_type' (aka 'unsigned int') [-Wsign-conversion]
C/C++:    78 |     std::vector<float> right(fftSize);
C/C++:       |                        ~~~~~ ^~~~~~~
C/C++: D:/Github/Android/ClipForge2/app/src/main/cpp/audio/audio_analyzer.cpp:81:14: warning: implicit conversion changes signedness: 'int' to 'size_type' (aka 'unsigned int') [-Wsign-conversion]
C/C++:    81 |         left[i] = samples[i * 2];
C/C++:       |         ~~~~ ^
C/C++: D:/Github/Android/ClipForge2/app/src/main/cpp/audio/audio_analyzer.cpp:81:29: warning: implicit conversion changes signedness: 'int' to 'size_type' (aka 'unsigned int') [-Wsign-conversion]
C/C++:    81 |         left[i] = samples[i * 2];
C/C++:       |                   ~~~~~~~ ~~^~~
C/C++: D:/Github/Android/ClipForge2/app/src/main/cpp/audio/audio_analyzer.cpp:82:15: warning: implicit conversion changes signedness: 'int' to 'size_type' (aka 'unsigned int') [-Wsign-conversion]
C/C++:    82 |         right[i] = samples[i * 2 + 1];
C/C++:       |         ~~~~~ ^
C/C++: D:/Github/Android/ClipForge2/app/src/main/cpp/audio/audio_analyzer.cpp:82:34: warning: implicit conversion changes signedness: 'int' to 'size_type' (aka 'unsigned int') [-Wsign-conversion]
C/C++:    82 |         right[i] = samples[i * 2 + 1];
C/C++:       |                    ~~~~~~~ ~~~~~~^~~
C/C++: D:/Github/Android/ClipForge2/app/src/main/cpp/audio/audio_analyzer.cpp:100:23: warning: implicit conversion changes signedness: 'size_t' (aka 'unsigned int') to 'int' [-Wsign-conversion]
C/C++:   100 |             peakBin = i;
C/C++:       |                     ~ ^
C/C++: D:/Github/Android/ClipForge2/app/src/main/cpp/audio/audio_analyzer.cpp:72:24: warning: comparison of integers of different signs: 'size_type' (aka 'unsigned int') and 'int' [-Wsign-compare]
C/C++:    72 |     if (samples.size() != fftSize * 2) {
C/C++:       |         ~~~~~~~~~~~~~~ ^  ~~~~~~~~~~~
C/C++: D:/Github/Android/ClipForge2/app/src/main/cpp/audio/audio_analyzer.cpp:114:44: warning: implicit conversion changes signedness: 'int' to 'size_type' (aka 'unsigned int') [-Wsign-conversion]
C/C++:   114 |     std::vector<std::complex<float>> input(fftSize);
C/C++:       |                                      ~~~~~ ^~~~~~~
C/C++: D:/Github/Android/ClipForge2/app/src/main/cpp/audio/audio_analyzer.cpp:116:57: warning: implicit conversion changes signedness: 'int' to 'size_type' (aka 'unsigned int') [-Wsign-conversion]
C/C++:   116 |         input[i] = std::complex<float>(processedSamples[i], 0.0f);
C/C++:       |                                        ~~~~~~~~~~~~~~~~ ^
C/C++: D:/Github/Android/ClipForge2/app/src/main/cpp/audio/audio_analyzer.cpp:116:15: warning: implicit conversion changes signedness: 'int' to 'size_type' (aka 'unsigned int') [-Wsign-conversion]
C/C++:   116 |         input[i] = std::complex<float>(processedSamples[i], 0.0f);
C/C++:       |         ~~~~~ ^
C/C++: D:/Github/Android/ClipForge2/app/src/main/cpp/audio/audio_analyzer.cpp:144:47: warning: implicit conversion changes signedness: 'int' to 'size_type' (aka 'unsigned int') [-Wsign-conversion]
C/C++:   144 |             bandEnergy += spectrum.magnitudes[bin];
C/C++:       |                           ~~~~~~~~            ^~~
C/C++: D:/Github/Android/ClipForge2/app/src/main/cpp/audio/audio_analyzer.cpp:149:53: warning: implicit conversion from 'int' to 'float' may lose precision [-Wimplicit-int-float-conversion]
C/C++:   149 |         bandLevels[i] = binCount > 0 ? bandEnergy / binCount : 0.0f;
C/C++:       |                                                   ~ ^~~~~~~~
C/C++: D:/Github/Android/ClipForge2/app/src/main/cpp/audio/audio_analyzer.cpp:183:82: warning: implicit conversion loses floating-point precision: 'double' to 'float' [-Wimplicit-float-conversion]
C/C++:   183 |         std::complex<float> wm = std::exp(std::complex<float>(0.0f, -2.0f * M_PI / m));
C/C++:       |                                           ~~~                       ~~~~~~~~~~~~~^~~
C/C++: D:/Github/Android/ClipForge2/app/src/main/cpp/audio/audio_analyzer.cpp:188:48: warning: implicit conversion changes signedness: 'int' to 'size_type' (aka 'unsigned int') [-Wsign-conversion]
C/C++:   188 |                 std::complex<float> u = output[j];
C/C++:       |                                         ~~~~~~ ^
C/C++: D:/Github/Android/ClipForge2/app/src/main/cpp/audio/audio_analyzer.cpp:189:48: warning: implicit conversion changes signedness: 'int' to 'size_type' (aka 'unsigned int') [-Wsign-conversion]
C/C++:   189 |                 std::complex<float> v = output[t] * w;
C/C++:       |                                         ~~~~~~ ^
C/C++: D:/Github/Android/ClipForge2/app/src/main/cpp/audio/audio_analyzer.cpp:190:24: warning: implicit conversion changes signedness: 'int' to 'size_type' (aka 'unsigned int') [-Wsign-conversion]
C/C++:   190 |                 output[j] = u + v;
C/C++:       |                 ~~~~~~ ^
C/C++: D:/Github/Android/ClipForge2/app/src/main/cpp/audio/audio_analyzer.cpp:191:24: warning: implicit conversion changes signedness: 'int' to 'size_type' (aka 'unsigned int') [-Wsign-conversion]
C/C++:   191 |                 output[t] = u - v;
C/C++:       |                 ~~~~~~ ^
C/C++: D:/Github/Android/ClipForge2/app/src/main/cpp/audio/audio_analyzer.cpp:200:18: warning: implicit conversion changes signedness: 'size_type' (aka 'unsigned int') to 'int' [-Wsign-conversion]
C/C++:   200 |     int n = data.size();
C/C++:       |         ~   ~~~~~^~~~~~
C/C++: D:/Github/Android/ClipForge2/app/src/main/cpp/audio/audio_analyzer.cpp:205:37: warning: implicit conversion changes signedness: 'int' to 'size_type' (aka 'unsigned int') [-Wsign-conversion]
C/C++:   205 |             std::swap(data[i], data[j]);
C/C++:       |                                ~~~~ ^
C/C++: D:/Github/Android/ClipForge2/app/src/main/cpp/audio/audio_analyzer.cpp:205:28: warning: implicit conversion changes signedness: 'int' to 'size_type' (aka 'unsigned int') [-Wsign-conversion]
C/C++:   205 |             std::swap(data[i], data[j]);
C/C++:       |                       ~~~~ ^
C/C++: D:/Github/Android/ClipForge2/app/src/main/cpp/audio/audio_analyzer.cpp:218:37: warning: implicit conversion changes signedness: 'const int' to 'size_type' (aka 'unsigned int') [-Wsign-conversion]
C/C++:   218 |     std::vector<float> windowCoeffs(fftSize);
C/C++:       |                        ~~~~~~~~~~~~ ^~~~~~~
C/C++: D:/Github/Android/ClipForge2/app/src/main/cpp/audio/audio_analyzer.cpp:221:61: warning: implicit conversion from 'int' to 'float' may lose precision [-Wimplicit-int-float-conversion]
C/C++:   221 |         float normalized = static_cast<float>(i) / (fftSize - 1);
C/C++:       |                                                  ~  ~~~~~~~~^~~
C/C++: D:/Github/Android/ClipForge2/app/src/main/cpp/audio/audio_analyzer.cpp:222:22: warning: implicit conversion changes signedness: 'int' to 'size_type' (aka 'unsigned int') [-Wsign-conversion]
C/C++:   222 |         windowCoeffs[i] = 0.5f * (1.0f - std::cos(2.0f * M_PI * normalized));
C/C++:       |         ~~~~~~~~~~~~ ^
C/C++: D:/Github/Android/ClipForge2/app/src/main/cpp/audio/audio_analyzer.cpp:222:32: warning: implicit conversion loses floating-point precision: 'double' to 'value_type' (aka 'float') [-Wimplicit-float-conversion]
C/C++:   222 |         windowCoeffs[i] = 0.5f * (1.0f - std::cos(2.0f * M_PI * normalized));
C/C++:       |                         ~ ~~~~~^~~~~~~~~~~~~~~~~~~~~~~~~~~~~~~~~~~~~~~~~~~~~
C/C++: D:/Github/Android/ClipForge2/app/src/main/cpp/audio/audio_analyzer.cpp:248:38: warning: implicit conversion from 'const int' to 'float' may lose precision [-Wimplicit-int-float-conversion]
C/C++:   248 |         magnitudes[i] = magnitude / (fftSize / 2.0f);
C/C++:       |                                      ^~~~~~~ ~
C/C++: D:/Github/Android/ClipForge2/app/src/main/cpp/audio/audio_analyzer.cpp:290:34: warning: implicit conversion from 'size_type' (aka 'unsigned int') to 'float' may lose precision [-Wimplicit-int-float-conversion]
C/C++:   290 |     avgEnergy /= m_energyHistory.size();
C/C++:       |               ~~ ~~~~~~~~~~~~~~~~^~~~~~
C/C++: D:/Github/Android/ClipForge2/app/src/main/cpp/audio/audio_analyzer.cpp:272:11: warning: unused variable 'flux' [-Wunused-variable]
C/C++:   272 |     float flux = calculateSpectralFlux(spectrum.magnitudes, prevSpectrum.magnitudes);
C/C++:       |           ^~~~
C/C++: D:/Github/Android/ClipForge2/app/src/main/cpp/audio/audio_analyzer.cpp:340:37: warning: implicit conversion from 'size_type' (aka 'unsigned int') to 'float' may lose precision [-Wimplicit-int-float-conversion]
C/C++:   340 |     return std::sqrt(flux / current.size());
C/C++:       |                           ~ ~~~~~~~~^~~~~~
C/C++: D:/Github/Android/ClipForge2/app/src/main/cpp/audio/audio_analyzer.cpp:347:45: warning: implicit conversion turns floating-point number into integer: 'float' to 'int' [-Wfloat-conversion]
C/C++:   347 |     int minBin = spectrum.fftSize * minFreq / spectrum.sampleRate;
C/C++:       |         ~~~~~~   ~~~~~~~~~~~~~~~~~~~~~~~~~~~^~~~~~~~~~~~~~~~~~~~~
C/C++: D:/Github/Android/ClipForge2/app/src/main/cpp/audio/audio_analyzer.cpp:347:56: warning: implicit conversion from 'const int' to 'float' may lose precision [-Wimplicit-int-float-conversion]
C/C++:   347 |     int minBin = spectrum.fftSize * minFreq / spectrum.sampleRate;
C/C++:       |                                             ~ ~~~~~~~~~^~~~~~~~~~
C/C++: D:/Github/Android/ClipForge2/app/src/main/cpp/audio/audio_analyzer.cpp:347:27: warning: implicit conversion from 'const int' to 'float' may lose precision [-Wimplicit-int-float-conversion]
C/C++:   347 |     int minBin = spectrum.fftSize * minFreq / spectrum.sampleRate;
C/C++:       |                  ~~~~~~~~~^~~~~~~ ~
C/C++: D:/Github/Android/ClipForge2/app/src/main/cpp/audio/audio_analyzer.cpp:348:45: warning: implicit conversion turns floating-point number into integer: 'float' to 'int' [-Wfloat-conversion]
C/C++:   348 |     int maxBin = spectrum.fftSize * maxFreq / spectrum.sampleRate;
C/C++:       |         ~~~~~~   ~~~~~~~~~~~~~~~~~~~~~~~~~~~^~~~~~~~~~~~~~~~~~~~~
C/C++: D:/Github/Android/ClipForge2/app/src/main/cpp/audio/audio_analyzer.cpp:348:56: warning: implicit conversion from 'const int' to 'float' may lose precision [-Wimplicit-int-float-conversion]
C/C++:   348 |     int maxBin = spectrum.fftSize * maxFreq / spectrum.sampleRate;
C/C++:       |                                             ~ ~~~~~~~~~^~~~~~~~~~
C/C++: D:/Github/Android/ClipForge2/app/src/main/cpp/audio/audio_analyzer.cpp:348:27: warning: implicit conversion from 'const int' to 'float' may lose precision [-Wimplicit-int-float-conversion]
C/C++:   348 |     int maxBin = spectrum.fftSize * maxFreq / spectrum.sampleRate;
C/C++:       |                  ~~~~~~~~~^~~~~~~ ~
C/C++: D:/Github/Android/ClipForge2/app/src/main/cpp/audio/audio_analyzer.cpp:355:39: warning: implicit conversion changes signedness: 'int' to 'size_type' (aka 'unsigned int') [-Wsign-conversion]
C/C++:   355 |         energy += spectrum.magnitudes[i];
C/C++:       |                   ~~~~~~~~            ^
C/C++: D:/Github/Android/ClipForge2/app/src/main/cpp/audio/audio_analyzer.cpp:358:38: warning: implicit conversion from 'int' to 'float' may lose precision [-Wimplicit-int-float-conversion]
C/C++:   358 |     return energy / (maxBin - minBin + 1);
C/C++:       |                   ~  ~~~~~~~~~~~~~~~~^~~
C/C++: D:/Github/Android/ClipForge2/app/src/main/cpp/audio/audio_analyzer.cpp:393:43: warning: implicit conversion from 'size_type' (aka 'unsigned int') to 'float' may lose precision [-Wimplicit-int-float-conversion]
C/C++:   393 |     return std::sqrt(sumSquares / samples.size());
C/C++:       |                                 ~ ~~~~~~~~^~~~~~
C/C++: 50 warnings generated.
C/C++: D:/Github/Android/ClipForge2/app/src/main/cpp/encoding/video_encoder.cpp:39:66: warning: implicit conversion changes signedness: 'const int' to 'size_type' (aka 'unsigned int') [-Wsign-conversion]
C/C++:    39 |         (config.frameRate * config.outputPath.length()) / config.frameRate);
C/C++:       |                                                         ~ ~~~~~~~^~~~~~~~~
C/C++: D:/Github/Android/ClipForge2/app/src/main/cpp/encoding/video_encoder.cpp:39:17: warning: implicit conversion changes signedness: 'const int' to 'size_type' (aka 'unsigned int') [-Wsign-conversion]
C/C++:    39 |         (config.frameRate * config.outputPath.length()) / config.frameRate);
C/C++:       |          ~~~~~~~^~~~~~~~~ ~
C/C++: D:/Github/Android/ClipForge2/app/src/main/cpp/encoding/video_encoder.cpp:179:82: warning: implicit conversion from 'int64_t' (aka 'long long') to 'float' may lose precision [-Wimplicit-int-float-conversion]
C/C++:   179 |     m_stats.encodedPercentage = static_cast<float>(m_stats.frameCount) / m_stats.totalFrames;
C/C++:       |                                                                        ~ ~~~~~~~~^~~~~~~~~~~
C/C++: D:/Github/Android/ClipForge2/app/src/main/cpp/encoding/video_encoder.cpp:142:66: warning: unused parameter 'timestampMs' [-Wunused-parameter]
C/C++:   142 | bool VideoEncoder::encodeFrame(const uint8_t* frameData, int64_t timestampMs, bool isKeyFrame) {
C/C++:       |                                                                  ^
C/C++: D:/Github/Android/ClipForge2/app/src/main/cpp/encoding/video_encoder.cpp:201:46: warning: unused parameter 'stride' [-Wunused-parameter]
C/C++:   201 |                                          int stride, int64_t timestampMs) {
C/C++:       |                                              ^
C/C++: D:/Github/Android/ClipForge2/app/src/main/cpp/encoding/video_encoder.cpp:233:74: warning: unused parameter 'timestampMs' [-Wunused-parameter]
C/C++:   233 | bool VideoEncoder::submitInputBuffer(uint8_t* data, size_t size, int64_t timestampMs) {
C/C++:       |                                                                          ^
C/C++: D:/Github/Android/ClipForge2/app/src/main/cpp/encoding/video_encoder.cpp:324:62: warning: unused parameter 'codec' [-Wunused-parameter]
C/C++:   324 | std::pair<int, int> VideoEncoder::getBitrateRange(VideoCodec codec, int width, int height) {
C/C++:       |                                                              ^
C/C++: D:/Github/Android/ClipForge2/app/src/main/cpp/encoding/video_encoder.cpp:344:24: warning: implicit conversion from 'int' to 'float' may lose precision [-Wimplicit-int-float-conversion]
C/C++:   344 |     float megapixels = basePixels / 1000000.0f;
C/C++:       |                        ^~~~~~~~~~ ~
C/C++: D:/Github/Android/ClipForge2/app/src/main/cpp/encoding/video_encoder.cpp:347:53: warning: implicit conversion from 'int' to 'float' may lose precision [-Wimplicit-int-float-conversion]
C/C++:   347 |     int baseBitrate = static_cast<int>(megapixels * frameRate * 1000000 * 0.1f);
C/C++:       |                                                   ~ ^~~~~~~~~
C/C++: D:/Github/Android/ClipForge2/app/src/main/cpp/encoding/video_encoder.cpp:356:47: warning: implicit conversion from 'int' to 'float' may lose precision [-Wimplicit-int-float-conversion]
C/C++:   356 |     int recommendedBitrate = static_cast<int>(baseBitrate * qualityMultiplier);
C/C++:       |                                               ^~~~~~~~~~~ ~
C/C++: 10 warnings generated.
.\gradlew : 
At line:1 char:1
+ .\gradlew assembleDebug > build_output.txt 2>&1; Get-Content build_ou ...
+ ~~~~~~~~~~~~~~~~~~~~~~~~~~~~~~~~~~~~~~~~~~~~~~~
    + CategoryInfo          : NotSpecified: (:String) [], RemoteException
    + FullyQualifiedErrorId : NativeCommandError
 
FAILURE: Build failed with an exception.

* What went wrong:
Execution failed for task ':app:processDebugResources'.
> A failure occurred while executing com.android.build.gradle.internal.res.L
inkApplicationAndroidResourcesTask$TaskAction
   > Android resource linking failed
     com.ucworks.clipforge.app-mergeDebugResources-71:/layout/activity_audio
_mixer.xml:71: error: 'space_between' is incompatible with attribute 
gravity (attr) flags [bottom=80, center=17, center_horizontal=1, 
center_vertical=16, clip_horizontal=8, clip_vertical=128, end=8388613, 
fill=119, fill_horizontal=7, fill_vertical=112, left=3, right=5, 
start=8388611, top=48].
29 actionable tasks: 7 executed, 22 up-to-date
     com.ucworks.clipforge.app-mergeDebugResources-71:/layout/activity_edito
r.xml:144: error: 'space_between' is incompatible with attribute gravity 
(attr) flags [bottom=80, center=17, center_horizontal=1, 
center_vertical=16, clip_horizontal=8, clip_vertical=128, end=8388613, 
fill=119, fill_horizontal=7, fill_vertical=112, left=3, right=5, 
start=8388611, top=48].
     com.ucworks.clipforge.app-mergeDebugResources-71:/layout/activity_effec
ts.xml:99: error: resource dimen/text_title_small (aka 
com.ucworks.clipforge:dimen/text_title_small) not found.
     com.ucworks.clipforge.app-mergeDebugResources-71:/layout/activity_expor
t.xml:43: error: resource dimen/text_title_small (aka 
com.ucworks.clipforge:dimen/text_title_small) not found.
     com.ucworks.clipforge.app-mergeDebugResources-71:/layout/activity_expor
t.xml:67: error: resource dimen/text_title_small (aka 
com.ucworks.clipforge:dimen/text_title_small) not found.
     com.ucworks.clipforge.app-mergeDebugResources-71:/layout/activity_expor
t.xml:94: error: resource dimen/text_title_small (aka 
com.ucworks.clipforge:dimen/text_title_small) not found.
     com.ucworks.clipforge.app-mergeDebugResources-71:/layout/activity_expor
t.xml:137: error: resource dimen/text_title_small (aka 
com.ucworks.clipforge:dimen/text_title_small) not found.
     com.ucworks.clipforge.app-mergeDebugResources-71:/layout/activity_expor
t.xml:213: error: resource dimen/text_title_small (aka 
com.ucworks.clipforge:dimen/text_title_small) not found.
     com.ucworks.clipforge.app-mergeDebugResources-71:/layout/activity_expor
t.xml:228: error: 'space_between' is incompatible with attribute gravity 
(attr) flags [bottom=80, center=17, center_horizontal=1, 
center_vertical=16, clip_horizontal=8, clip_vertical=128, end=8388613, 
fill=119, fill_horizontal=7, fill_vertical=112, left=3, right=5, 
start=8388611, top=48].
     com.ucworks.clipforge.app-mergeDebugResources-71:/layout/activity_setti
ngs.xml:53: error: 'space_between' is incompatible with attribute gravity 
(attr) flags [bottom=80, center=17, center_horizontal=1, 
center_vertical=16, clip_horizontal=8, clip_vertical=128, end=8388613, 
fill=119, fill_horizontal=7, fill_vertical=112, left=3, right=5, 
start=8388611, top=48].
     com.ucworks.clipforge.app-mergeDebugResources-71:/layout/activity_setti
ngs.xml:92: error: 'space_between' is incompatible with attribute gravity 
(attr) flags [bottom=80, center=17, center_horizontal=1, 
center_vertical=16, clip_horizontal=8, clip_vertical=128, end=8388613, 
fill=119, fill_horizontal=7, fill_vertical=112, left=3, right=5, 
start=8388611, top=48].
     com.ucworks.clipforge.app-mergeDebugResources-71:/layout/activity_setti
ngs.xml:137: error: 'space_between' is incompatible with attribute gravity 
(attr) flags [bottom=80, center=17, center_horizontal=1, 
center_vertical=16, clip_horizontal=8, clip_vertical=128, end=8388613, 
fill=119, fill_horizontal=7, fill_vertical=112, left=3, right=5, 
start=8388611, top=48].
     com.ucworks.clipforge.app-mergeDebugResources-71:/layout/activity_setti
ngs.xml:179: error: 'space_between' is incompatible with attribute gravity 
(attr) flags [bottom=80, center=17, center_horizontal=1, 
center_vertical=16, clip_horizontal=8, clip_vertical=128, end=8388613, 
fill=119, fill_horizontal=7, fill_vertical=112, left=3, right=5, 
start=8388611, top=48].
     com.ucworks.clipforge.app-mergeDebugResources-71:/layout/activity_setti
ngs.xml:205: error: 'space_between' is incompatible with attribute gravity 
(attr) flags [bottom=80, center=17, center_horizontal=1, 
center_vertical=16, clip_horizontal=8, clip_vertical=128, end=8388613, 
fill=119, fill_horizontal=7, fill_vertical=112, left=3, right=5, 
start=8388611, top=48].
     com.ucworks.clipforge.app-mergeDebugResources-71:/layout/activity_setti
ngs.xml:242: error: 'space_between' is incompatible with attribute gravity 
(attr) flags [bottom=80, center=17, center_horizontal=1, 
center_vertical=16, clip_horizontal=8, clip_vertical=128, end=8388613, 
fill=119, fill_horizontal=7, fill_vertical=112, left=3, right=5, 
start=8388611, top=48].
     error: failed linking file resources.


* Try:
> Run with --stacktrace option to get the stack trace.
> Run with --info or --debug option to get more log output.
> Run with --scan to get full insights.
> Get more help at https://help.gradle.org.

BUILD FAILED in 26s
